Building instrumented before
     Locking 1 package to latest Rust 1.94 compatible version
      Adding libsqlite3-sys v0.38.2 (/profile/sqlite)
   Compiling proc-macro2 v1.0.107
   Compiling quote v1.0.47
   Compiling unicode-ident v1.0.24
   Compiling siphasher v1.0.3
   Compiling fastrand v2.5.0
   Compiling phf_shared v0.13.1
   Compiling smallvec v1.16.1
   Compiling libc v0.2.189
   Compiling phf_generator v0.13.1
   Compiling phf_codegen v0.13.1
   Compiling parking_lot_core v0.9.12
   Compiling scopeguard v1.2.0
   Compiling syn v2.0.119
   Compiling new_debug_unreachable v1.0.6
   Compiling cfg-if v1.0.5
   Compiling lock_api v0.4.14
   Compiling syn v3.0.5
   Compiling string_cache_codegen v0.6.1
   Compiling precomputed-hash v0.1.1
   Compiling web_atoms v0.2.6
   Compiling parking_lot v0.12.5
   Compiling find-msvc-tools v0.1.12
   Compiling shlex v2.0.1
   Compiling cc v1.4.6
   Compiling string_cache v0.9.0
   Compiling autocfg v1.5.1
   Compiling dtoa v1.0.11
   Compiling serde_core v1.0.229
   Compiling vcpkg v0.2.15
   Compiling itoa v1.0.18
   Compiling pkg-config v0.3.34
   Compiling log v0.4.34
   Compiling dtoa-short v0.3.5
   Compiling libsqlite3-sys v0.38.2 (/profile/sqlite)
   Compiling num-traits v0.2.19
   Compiling tendril v0.5.1
   Compiling selectors v0.38.0
   Compiling stable_deref_trait v1.2.1
   Compiling bitflags v2.13.2
   Compiling zmij v1.0.23
   Compiling foldhash v0.2.0
   Compiling cssparser-macros v0.7.1
   Compiling hashbrown v0.17.1
   Compiling servo_arc v0.4.3
   Compiling phf_macros v0.13.1
   Compiling derive_more-impl v2.1.1
   Compiling phf v0.13.1
   Compiling derive_more v2.1.1
   Compiling cssparser v0.37.0
   Compiling markup5ever v0.39.0
   Compiling serde v1.0.229
   Compiling unicode-width v0.2.2
   Compiling serde_json v1.0.151
   Compiling rustc-hash v2.1.3
   Compiling getopts v0.2.24
   Compiling html5ever v0.39.0
   Compiling hashlink v0.12.2
   Compiling serde_derive v1.0.229
   Compiling fallible-streaming-iterator v0.1.9
   Compiling memchr v2.8.3
   Compiling ego-tree v0.11.0
   Compiling fallible-iterator v0.3.0
   Compiling scraper v0.27.0
   Compiling chrono v0.4.45
   Compiling rusqlite v0.40.2
   Compiling rental-replay v0.1.0 (/profile/before/experiments/rust-replay)
    Finished `release` profile [optimized] target(s) in 58.15s
Building instrumented after
     Locking 1 package to latest Rust 1.94 compatible version
      Adding libsqlite3-sys v0.38.2 (/profile/sqlite)
   Compiling rental-replay v0.1.0 (/profile/after/experiments/rust-replay)
    Finished `release` profile [optimized] target(s) in 2.46s
Profiling before-1
Profiling before-2
Profiling before-3
Profiling after-1
Profiling after-2
Profiling after-3
